io.github.jsonSnapshot.SnapshotIntegrationTest.shouldMatchSnapshotFour=[
  {
    "id" : "anyId4",
    "value" : 4,
    "name" : "any\n\n\nName4"
  }
]


io.github.jsonSnapshot.SnapshotIntegrationTest.shouldMatchSnapshotInsidePrivateMethod=[
  {
    "id" : "anyPrivate",
    "value" : 5,
    "name" : "anyPrivate"
  }
]


io.github.jsonSnapshot.SnapshotIntegrationTest.shouldMatchSnapshotOne=[
  {
    "id" : "anyId1",
    "value" : 1,
    "name" : "anyName1"
  }
]


io.github.jsonSnapshot.SnapshotIntegrationTest.shouldMatchSnapshotThree=[
  {
    "id" : "anyId3",
    "value" : 3,
    "name" : "anyName3"
  }
]


io.github.jsonSnapshot.SnapshotIntegrationTest.shouldMatchSnapshotTwo=[
  {
    "id" : "anyId2",
    "value" : 2,
    "name" : "anyName2"
  }
]


io.github.jsonSnapshot.SnapshotIntegrationTest.shouldThrowSnapshotMatchException=[
  {
    "id" : "anyId5",
    "value" : 5,
    "name" : "anyName5"
  }
]